// Jest Snapshot v1, https://goo.gl/fbAQLP

exports[`OrderFeedItem renders correctly and matches snapshot 1`] = `
<DocumentFragment>
  <p
    class="text text_type_main-default"
  >
    Ошибка подключения. Повторите попытку позже
  </p>
</DocumentFragment>
`;
