// Jest Snapshot v1, https://goo.gl/fbAQLP

exports[`IngredientDetail renders correctly and matches snapshot 1`] = `
<DocumentFragment>
  <div
    class="wrapper"
  >
    <img
      alt="Mocked Ingredient"
      class="image"
      src="mockedImage.jpg"
    />
    <p
      class="name"
    >
      Mocked Ingredient
    </p>
    <div
      class="details"
    >
      <ul
        class="detailsList"
      >
        <li
          class="detailsItem"
        >
          <p
            class="text text_type_main-default text_color_inactive"
          >
            Калории,ккал
          </p>
          <p
            class="text text_type_main-default text_color_inactive"
          >
            100
          </p>
        </li>
        <li
          class="detailsItem"
        >
          <p
            class="text text_type_main-default text_color_inactive"
          >
            Белки, г
          </p>
          <p
            class="text text_type_main-default text_color_inactive"
          >
            10
          </p>
        </li>
        <li
          class="detailsItem"
        >
          <p
            class="text text_type_main-default text_color_inactive"
          >
            Жиры, г
          </p>
          <p
            class="text text_type_main-default text_color_inactive"
          >
            5
          </p>
        </li>
        <li
          class="detailsItem"
        >
          <p
            class="text text_type_main-default text_color_inactive"
          >
            Углеводы, г
          </p>
          <p
            class="text text_type_main-default text_color_inactive"
          >
            20
          </p>
        </li>
      </ul>
    </div>
  </div>
</DocumentFragment>
`;
